// Jest Snapshot v1, https://goo.gl/fbAQLP

exports[`should pause without clicking when displayed all hours are sent by socket and resume when new data is received 1`] = `
Array [
  Object {
    "props": Object {
      "height": 20,
      "width": 20,
      "x": 0,
      "y": 0,
    },
    "transform": Array [
      1,
      0,
      0,
      1,
      0,
      0,
    ],
    "type": "clearRect",
  },
  Object {
    "props": Object {
      "value": "#007bff",
    },
    "transform": Array [
      1,
      0,
      0,
      1,
      0,
      0,
    ],
    "type": "fillStyle",
  },
  Object {
    "props": Object {},
    "transform": Array [
      1,
      0,
      0,
      1,
      0,
      0,
    ],
    "type": "beginPath",
  },
  Object {
    "props": Object {
      "anticlockwise": false,
      "endAngle": 6.283185307179586,
      "radius": 1,
      "startAngle": 0,
      "x": 2,
      "y": 2,
    },
    "transform": Array [
      1,
      0,
      0,
      1,
      0,
      0,
    ],
    "type": "arc",
  },
  Object {
    "props": Object {
      "fillRule": "nonzero",
      "path": Array [
        Object {
          "props": Object {},
          "transform": Array [
            1,
            0,
            0,
            1,
            0,
            0,
          ],
          "type": "beginPath",
        },
        Object {
          "props": Object {
            "anticlockwise": false,
            "endAngle": 6.283185307179586,
            "radius": 1,
            "startAngle": 0,
            "x": 2,
            "y": 2,
          },
          "transform": Array [
            1,
            0,
            0,
            1,
            0,
            0,
          ],
          "type": "arc",
        },
      ],
    },
    "transform": Array [
      1,
      0,
      0,
      1,
      0,
      0,
    ],
    "type": "fill",
  },
  Object {
    "props": Object {
      "value": "#007bff",
    },
    "transform": Array [
      1,
      0,
      0,
      1,
      0,
      0,
    ],
    "type": "fillStyle",
  },
  Object {
    "props": Object {},
    "transform": Array [
      1,
      0,
      0,
      1,
      0,
      0,
    ],
    "type": "beginPath",
  },
  Object {
    "props": Object {
      "anticlockwise": false,
      "endAngle": 6.283185307179586,
      "radius": 1,
      "startAngle": 0,
      "x": 76,
      "y": 134,
    },
    "transform": Array [
      1,
      0,
      0,
      1,
      0,
      0,
    ],
    "type": "arc",
  },
  Object {
    "props": Object {
      "fillRule": "nonzero",
      "path": Array [
        Object {
          "props": Object {},
          "transform": Array [
            1,
            0,
            0,
            1,
            0,
            0,
          ],
          "type": "beginPath",
        },
        Object {
          "props": Object {
            "anticlockwise": false,
            "endAngle": 6.283185307179586,
            "radius": 1,
            "startAngle": 0,
            "x": 76,
            "y": 134,
          },
          "transform": Array [
            1,
            0,
            0,
            1,
            0,
            0,
          ],
          "type": "arc",
        },
      ],
    },
    "transform": Array [
      1,
      0,
      0,
      1,
      0,
      0,
    ],
    "type": "fill",
  },
  Object {
    "props": Object {
      "value": "#007bff",
    },
    "transform": Array [
      1,
      0,
      0,
      1,
      0,
      0,
    ],
    "type": "fillStyle",
  },
  Object {
    "props": Object {},
    "transform": Array [
      1,
      0,
      0,
      1,
      0,
      0,
    ],
    "type": "beginPath",
  },
  Object {
    "props": Object {
      "anticlockwise": false,
      "endAngle": 6.283185307179586,
      "radius": 1,
      "startAngle": 0,
      "x": 64,
      "y": 4,
    },
    "transform": Array [
      1,
      0,
      0,
      1,
      0,
      0,
    ],
    "type": "arc",
  },
  Object {
    "props": Object {
      "fillRule": "nonzero",
      "path": Array [
        Object {
          "props": Object {},
          "transform": Array [
            1,
            0,
            0,
            1,
            0,
            0,
          ],
          "type": "beginPath",
        },
        Object {
          "props": Object {
            "anticlockwise": false,
            "endAngle": 6.283185307179586,
            "radius": 1,
            "startAngle": 0,
            "x": 64,
            "y": 4,
          },
          "transform": Array [
            1,
            0,
            0,
            1,
            0,
            0,
          ],
          "type": "arc",
        },
      ],
    },
    "transform": Array [
      1,
      0,
      0,
      1,
      0,
      0,
    ],
    "type": "fill",
  },
]
`;

exports[`should render AgentsLayer when grid visualization pauses and resume 1`] = `
Array [
  Object {
    "props": Object {
      "height": 20,
      "width": 20,
      "x": 0,
      "y": 0,
    },
    "transform": Array [
      1,
      0,
      0,
      1,
      0,
      0,
    ],
    "type": "clearRect",
  },
  Object {
    "props": Object {
      "value": "#007bff",
    },
    "transform": Array [
      1,
      0,
      0,
      1,
      0,
      0,
    ],
    "type": "fillStyle",
  },
  Object {
    "props": Object {},
    "transform": Array [
      1,
      0,
      0,
      1,
      0,
      0,
    ],
    "type": "beginPath",
  },
  Object {
    "props": Object {
      "anticlockwise": false,
      "endAngle": 6.283185307179586,
      "radius": 1,
      "startAngle": 0,
      "x": 2,
      "y": 2,
    },
    "transform": Array [
      1,
      0,
      0,
      1,
      0,
      0,
    ],
    "type": "arc",
  },
  Object {
    "props": Object {
      "fillRule": "nonzero",
      "path": Array [
        Object {
          "props": Object {},
          "transform": Array [
            1,
            0,
            0,
            1,
            0,
            0,
          ],
          "type": "beginPath",
        },
        Object {
          "props": Object {
            "anticlockwise": false,
            "endAngle": 6.283185307179586,
            "radius": 1,
            "startAngle": 0,
            "x": 2,
            "y": 2,
          },
          "transform": Array [
            1,
            0,
            0,
            1,
            0,
            0,
          ],
          "type": "arc",
        },
      ],
    },
    "transform": Array [
      1,
      0,
      0,
      1,
      0,
      0,
    ],
    "type": "fill",
  },
  Object {
    "props": Object {
      "value": "#007bff",
    },
    "transform": Array [
      1,
      0,
      0,
      1,
      0,
      0,
    ],
    "type": "fillStyle",
  },
  Object {
    "props": Object {},
    "transform": Array [
      1,
      0,
      0,
      1,
      0,
      0,
    ],
    "type": "beginPath",
  },
  Object {
    "props": Object {
      "anticlockwise": false,
      "endAngle": 6.283185307179586,
      "radius": 1,
      "startAngle": 0,
      "x": 76,
      "y": 134,
    },
    "transform": Array [
      1,
      0,
      0,
      1,
      0,
      0,
    ],
    "type": "arc",
  },
  Object {
    "props": Object {
      "fillRule": "nonzero",
      "path": Array [
        Object {
          "props": Object {},
          "transform": Array [
            1,
            0,
            0,
            1,
            0,
            0,
          ],
          "type": "beginPath",
        },
        Object {
          "props": Object {
            "anticlockwise": false,
            "endAngle": 6.283185307179586,
            "radius": 1,
            "startAngle": 0,
            "x": 76,
            "y": 134,
          },
          "transform": Array [
            1,
            0,
            0,
            1,
            0,
            0,
          ],
          "type": "arc",
        },
      ],
    },
    "transform": Array [
      1,
      0,
      0,
      1,
      0,
      0,
    ],
    "type": "fill",
  },
  Object {
    "props": Object {
      "value": "#007bff",
    },
    "transform": Array [
      1,
      0,
      0,
      1,
      0,
      0,
    ],
    "type": "fillStyle",
  },
  Object {
    "props": Object {},
    "transform": Array [
      1,
      0,
      0,
      1,
      0,
      0,
    ],
    "type": "beginPath",
  },
  Object {
    "props": Object {
      "anticlockwise": false,
      "endAngle": 6.283185307179586,
      "radius": 1,
      "startAngle": 0,
      "x": 64,
      "y": 4,
    },
    "transform": Array [
      1,
      0,
      0,
      1,
      0,
      0,
    ],
    "type": "arc",
  },
  Object {
    "props": Object {
      "fillRule": "nonzero",
      "path": Array [
        Object {
          "props": Object {},
          "transform": Array [
            1,
            0,
            0,
            1,
            0,
            0,
          ],
          "type": "beginPath",
        },
        Object {
          "props": Object {
            "anticlockwise": false,
            "endAngle": 6.283185307179586,
            "radius": 1,
            "startAngle": 0,
            "x": 64,
            "y": 4,
          },
          "transform": Array [
            1,
            0,
            0,
            1,
            0,
            0,
          ],
          "type": "arc",
        },
      ],
    },
    "transform": Array [
      1,
      0,
      0,
      1,
      0,
      0,
    ],
    "type": "fill",
  },
]
`;

exports[`should render AgentsLayer when grid visualization resets 1`] = `
Array [
  Object {
    "props": Object {
      "height": 20,
      "width": 20,
      "x": 0,
      "y": 0,
    },
    "transform": Array [
      1,
      0,
      0,
      1,
      0,
      0,
    ],
    "type": "clearRect",
  },
  Object {
    "props": Object {
      "value": "#007bff",
    },
    "transform": Array [
      1,
      0,
      0,
      1,
      0,
      0,
    ],
    "type": "fillStyle",
  },
  Object {
    "props": Object {},
    "transform": Array [
      1,
      0,
      0,
      1,
      0,
      0,
    ],
    "type": "beginPath",
  },
  Object {
    "props": Object {
      "anticlockwise": false,
      "endAngle": 6.283185307179586,
      "radius": 1,
      "startAngle": 0,
      "x": 2,
      "y": 2,
    },
    "transform": Array [
      1,
      0,
      0,
      1,
      0,
      0,
    ],
    "type": "arc",
  },
  Object {
    "props": Object {
      "fillRule": "nonzero",
      "path": Array [
        Object {
          "props": Object {},
          "transform": Array [
            1,
            0,
            0,
            1,
            0,
            0,
          ],
          "type": "beginPath",
        },
        Object {
          "props": Object {
            "anticlockwise": false,
            "endAngle": 6.283185307179586,
            "radius": 1,
            "startAngle": 0,
            "x": 2,
            "y": 2,
          },
          "transform": Array [
            1,
            0,
            0,
            1,
            0,
            0,
          ],
          "type": "arc",
        },
      ],
    },
    "transform": Array [
      1,
      0,
      0,
      1,
      0,
      0,
    ],
    "type": "fill",
  },
  Object {
    "props": Object {
      "value": "#007bff",
    },
    "transform": Array [
      1,
      0,
      0,
      1,
      0,
      0,
    ],
    "type": "fillStyle",
  },
  Object {
    "props": Object {},
    "transform": Array [
      1,
      0,
      0,
      1,
      0,
      0,
    ],
    "type": "beginPath",
  },
  Object {
    "props": Object {
      "anticlockwise": false,
      "endAngle": 6.283185307179586,
      "radius": 1,
      "startAngle": 0,
      "x": 76,
      "y": 134,
    },
    "transform": Array [
      1,
      0,
      0,
      1,
      0,
      0,
    ],
    "type": "arc",
  },
  Object {
    "props": Object {
      "fillRule": "nonzero",
      "path": Array [
        Object {
          "props": Object {},
          "transform": Array [
            1,
            0,
            0,
            1,
            0,
            0,
          ],
          "type": "beginPath",
        },
        Object {
          "props": Object {
            "anticlockwise": false,
            "endAngle": 6.283185307179586,
            "radius": 1,
            "startAngle": 0,
            "x": 76,
            "y": 134,
          },
          "transform": Array [
            1,
            0,
            0,
            1,
            0,
            0,
          ],
          "type": "arc",
        },
      ],
    },
    "transform": Array [
      1,
      0,
      0,
      1,
      0,
      0,
    ],
    "type": "fill",
  },
  Object {
    "props": Object {
      "value": "#007bff",
    },
    "transform": Array [
      1,
      0,
      0,
      1,
      0,
      0,
    ],
    "type": "fillStyle",
  },
  Object {
    "props": Object {},
    "transform": Array [
      1,
      0,
      0,
      1,
      0,
      0,
    ],
    "type": "beginPath",
  },
  Object {
    "props": Object {
      "anticlockwise": false,
      "endAngle": 6.283185307179586,
      "radius": 1,
      "startAngle": 0,
      "x": 64,
      "y": 4,
    },
    "transform": Array [
      1,
      0,
      0,
      1,
      0,
      0,
    ],
    "type": "arc",
  },
  Object {
    "props": Object {
      "fillRule": "nonzero",
      "path": Array [
        Object {
          "props": Object {},
          "transform": Array [
            1,
            0,
            0,
            1,
            0,
            0,
          ],
          "type": "beginPath",
        },
        Object {
          "props": Object {
            "anticlockwise": false,
            "endAngle": 6.283185307179586,
            "radius": 1,
            "startAngle": 0,
            "x": 64,
            "y": 4,
          },
          "transform": Array [
            1,
            0,
            0,
            1,
            0,
            0,
          ],
          "type": "arc",
        },
      ],
    },
    "transform": Array [
      1,
      0,
      0,
      1,
      0,
      0,
    ],
    "type": "fill",
  },
]
`;
