// Jest Snapshot v1, https://goo.gl/fbAQLP

exports[`should render AreasLayer component 1`] = `
Array [
  Object {
    "props": Object {
      "value": "#ccc",
    },
    "transform": Array [
      1,
      0,
      0,
      1,
      0,
      0,
    ],
    "type": "fillStyle",
  },
  Object {
    "props": Object {
      "height": 2,
      "width": 2,
      "x": 0.5,
      "y": 0.5,
    },
    "transform": Array [
      1,
      0,
      0,
      1,
      0,
      0,
    ],
    "type": "fillRect",
  },
  Object {
    "props": Object {
      "height": 2,
      "width": 2,
      "x": 0.5,
      "y": 2.5,
    },
    "transform": Array [
      1,
      0,
      0,
      1,
      0,
      0,
    ],
    "type": "fillRect",
  },
  Object {
    "props": Object {
      "height": 2,
      "width": 2,
      "x": 0.5,
      "y": 4.5,
    },
    "transform": Array [
      1,
      0,
      0,
      1,
      0,
      0,
    ],
    "type": "fillRect",
  },
  Object {
    "props": Object {
      "height": 2,
      "width": 2,
      "x": 0.5,
      "y": 6.5,
    },
    "transform": Array [
      1,
      0,
      0,
      1,
      0,
      0,
    ],
    "type": "fillRect",
  },
  Object {
    "props": Object {
      "height": 2,
      "width": 2,
      "x": 0.5,
      "y": 8.5,
    },
    "transform": Array [
      1,
      0,
      0,
      1,
      0,
      0,
    ],
    "type": "fillRect",
  },
  Object {
    "props": Object {
      "height": 2,
      "width": 2,
      "x": 0.5,
      "y": 10.5,
    },
    "transform": Array [
      1,
      0,
      0,
      1,
      0,
      0,
    ],
    "type": "fillRect",
  },
  Object {
    "props": Object {
      "height": 2,
      "width": 2,
      "x": 0.5,
      "y": 12.5,
    },
    "transform": Array [
      1,
      0,
      0,
      1,
      0,
      0,
    ],
    "type": "fillRect",
  },
  Object {
    "props": Object {
      "height": 2,
      "width": 2,
      "x": 0.5,
      "y": 14.5,
    },
    "transform": Array [
      1,
      0,
      0,
      1,
      0,
      0,
    ],
    "type": "fillRect",
  },
  Object {
    "props": Object {
      "height": 2,
      "width": 2,
      "x": 0.5,
      "y": 16.5,
    },
    "transform": Array [
      1,
      0,
      0,
      1,
      0,
      0,
    ],
    "type": "fillRect",
  },
  Object {
    "props": Object {
      "height": 2,
      "width": 2,
      "x": 0.5,
      "y": 18.5,
    },
    "transform": Array [
      1,
      0,
      0,
      1,
      0,
      0,
    ],
    "type": "fillRect",
  },
  Object {
    "props": Object {
      "height": 2,
      "width": 2,
      "x": 2.5,
      "y": 0.5,
    },
    "transform": Array [
      1,
      0,
      0,
      1,
      0,
      0,
    ],
    "type": "fillRect",
  },
  Object {
    "props": Object {
      "height": 2,
      "width": 2,
      "x": 2.5,
      "y": 2.5,
    },
    "transform": Array [
      1,
      0,
      0,
      1,
      0,
      0,
    ],
    "type": "fillRect",
  },
  Object {
    "props": Object {
      "height": 2,
      "width": 2,
      "x": 2.5,
      "y": 4.5,
    },
    "transform": Array [
      1,
      0,
      0,
      1,
      0,
      0,
    ],
    "type": "fillRect",
  },
  Object {
    "props": Object {
      "height": 2,
      "width": 2,
      "x": 2.5,
      "y": 6.5,
    },
    "transform": Array [
      1,
      0,
      0,
      1,
      0,
      0,
    ],
    "type": "fillRect",
  },
  Object {
    "props": Object {
      "height": 2,
      "width": 2,
      "x": 2.5,
      "y": 8.5,
    },
    "transform": Array [
      1,
      0,
      0,
      1,
      0,
      0,
    ],
    "type": "fillRect",
  },
  Object {
    "props": Object {
      "height": 2,
      "width": 2,
      "x": 2.5,
      "y": 10.5,
    },
    "transform": Array [
      1,
      0,
      0,
      1,
      0,
      0,
    ],
    "type": "fillRect",
  },
  Object {
    "props": Object {
      "height": 2,
      "width": 2,
      "x": 2.5,
      "y": 12.5,
    },
    "transform": Array [
      1,
      0,
      0,
      1,
      0,
      0,
    ],
    "type": "fillRect",
  },
  Object {
    "props": Object {
      "height": 2,
      "width": 2,
      "x": 2.5,
      "y": 14.5,
    },
    "transform": Array [
      1,
      0,
      0,
      1,
      0,
      0,
    ],
    "type": "fillRect",
  },
  Object {
    "props": Object {
      "height": 2,
      "width": 2,
      "x": 2.5,
      "y": 16.5,
    },
    "transform": Array [
      1,
      0,
      0,
      1,
      0,
      0,
    ],
    "type": "fillRect",
  },
  Object {
    "props": Object {
      "height": 2,
      "width": 2,
      "x": 2.5,
      "y": 18.5,
    },
    "transform": Array [
      1,
      0,
      0,
      1,
      0,
      0,
    ],
    "type": "fillRect",
  },
  Object {
    "props": Object {
      "height": 2,
      "width": 2,
      "x": 4.5,
      "y": 0.5,
    },
    "transform": Array [
      1,
      0,
      0,
      1,
      0,
      0,
    ],
    "type": "fillRect",
  },
  Object {
    "props": Object {
      "height": 2,
      "width": 2,
      "x": 4.5,
      "y": 2.5,
    },
    "transform": Array [
      1,
      0,
      0,
      1,
      0,
      0,
    ],
    "type": "fillRect",
  },
  Object {
    "props": Object {
      "height": 2,
      "width": 2,
      "x": 4.5,
      "y": 4.5,
    },
    "transform": Array [
      1,
      0,
      0,
      1,
      0,
      0,
    ],
    "type": "fillRect",
  },
  Object {
    "props": Object {
      "height": 2,
      "width": 2,
      "x": 4.5,
      "y": 6.5,
    },
    "transform": Array [
      1,
      0,
      0,
      1,
      0,
      0,
    ],
    "type": "fillRect",
  },
  Object {
    "props": Object {
      "height": 2,
      "width": 2,
      "x": 4.5,
      "y": 8.5,
    },
    "transform": Array [
      1,
      0,
      0,
      1,
      0,
      0,
    ],
    "type": "fillRect",
  },
  Object {
    "props": Object {
      "height": 2,
      "width": 2,
      "x": 4.5,
      "y": 10.5,
    },
    "transform": Array [
      1,
      0,
      0,
      1,
      0,
      0,
    ],
    "type": "fillRect",
  },
  Object {
    "props": Object {
      "height": 2,
      "width": 2,
      "x": 4.5,
      "y": 12.5,
    },
    "transform": Array [
      1,
      0,
      0,
      1,
      0,
      0,
    ],
    "type": "fillRect",
  },
  Object {
    "props": Object {
      "height": 2,
      "width": 2,
      "x": 4.5,
      "y": 14.5,
    },
    "transform": Array [
      1,
      0,
      0,
      1,
      0,
      0,
    ],
    "type": "fillRect",
  },
  Object {
    "props": Object {
      "height": 2,
      "width": 2,
      "x": 4.5,
      "y": 16.5,
    },
    "transform": Array [
      1,
      0,
      0,
      1,
      0,
      0,
    ],
    "type": "fillRect",
  },
  Object {
    "props": Object {
      "height": 2,
      "width": 2,
      "x": 4.5,
      "y": 18.5,
    },
    "transform": Array [
      1,
      0,
      0,
      1,
      0,
      0,
    ],
    "type": "fillRect",
  },
  Object {
    "props": Object {
      "height": 2,
      "width": 2,
      "x": 6.5,
      "y": 0.5,
    },
    "transform": Array [
      1,
      0,
      0,
      1,
      0,
      0,
    ],
    "type": "fillRect",
  },
  Object {
    "props": Object {
      "height": 2,
      "width": 2,
      "x": 6.5,
      "y": 2.5,
    },
    "transform": Array [
      1,
      0,
      0,
      1,
      0,
      0,
    ],
    "type": "fillRect",
  },
  Object {
    "props": Object {
      "height": 2,
      "width": 2,
      "x": 6.5,
      "y": 4.5,
    },
    "transform": Array [
      1,
      0,
      0,
      1,
      0,
      0,
    ],
    "type": "fillRect",
  },
  Object {
    "props": Object {
      "height": 2,
      "width": 2,
      "x": 6.5,
      "y": 6.5,
    },
    "transform": Array [
      1,
      0,
      0,
      1,
      0,
      0,
    ],
    "type": "fillRect",
  },
  Object {
    "props": Object {
      "height": 2,
      "width": 2,
      "x": 6.5,
      "y": 8.5,
    },
    "transform": Array [
      1,
      0,
      0,
      1,
      0,
      0,
    ],
    "type": "fillRect",
  },
  Object {
    "props": Object {
      "height": 2,
      "width": 2,
      "x": 6.5,
      "y": 10.5,
    },
    "transform": Array [
      1,
      0,
      0,
      1,
      0,
      0,
    ],
    "type": "fillRect",
  },
  Object {
    "props": Object {
      "height": 2,
      "width": 2,
      "x": 6.5,
      "y": 12.5,
    },
    "transform": Array [
      1,
      0,
      0,
      1,
      0,
      0,
    ],
    "type": "fillRect",
  },
  Object {
    "props": Object {
      "height": 2,
      "width": 2,
      "x": 6.5,
      "y": 14.5,
    },
    "transform": Array [
      1,
      0,
      0,
      1,
      0,
      0,
    ],
    "type": "fillRect",
  },
  Object {
    "props": Object {
      "height": 2,
      "width": 2,
      "x": 6.5,
      "y": 16.5,
    },
    "transform": Array [
      1,
      0,
      0,
      1,
      0,
      0,
    ],
    "type": "fillRect",
  },
  Object {
    "props": Object {
      "height": 2,
      "width": 2,
      "x": 6.5,
      "y": 18.5,
    },
    "transform": Array [
      1,
      0,
      0,
      1,
      0,
      0,
    ],
    "type": "fillRect",
  },
  Object {
    "props": Object {
      "height": 2,
      "width": 2,
      "x": 8.5,
      "y": 0.5,
    },
    "transform": Array [
      1,
      0,
      0,
      1,
      0,
      0,
    ],
    "type": "fillRect",
  },
  Object {
    "props": Object {
      "height": 2,
      "width": 2,
      "x": 8.5,
      "y": 2.5,
    },
    "transform": Array [
      1,
      0,
      0,
      1,
      0,
      0,
    ],
    "type": "fillRect",
  },
  Object {
    "props": Object {
      "height": 2,
      "width": 2,
      "x": 8.5,
      "y": 4.5,
    },
    "transform": Array [
      1,
      0,
      0,
      1,
      0,
      0,
    ],
    "type": "fillRect",
  },
  Object {
    "props": Object {
      "height": 2,
      "width": 2,
      "x": 8.5,
      "y": 6.5,
    },
    "transform": Array [
      1,
      0,
      0,
      1,
      0,
      0,
    ],
    "type": "fillRect",
  },
  Object {
    "props": Object {
      "height": 2,
      "width": 2,
      "x": 8.5,
      "y": 8.5,
    },
    "transform": Array [
      1,
      0,
      0,
      1,
      0,
      0,
    ],
    "type": "fillRect",
  },
  Object {
    "props": Object {
      "height": 2,
      "width": 2,
      "x": 8.5,
      "y": 10.5,
    },
    "transform": Array [
      1,
      0,
      0,
      1,
      0,
      0,
    ],
    "type": "fillRect",
  },
  Object {
    "props": Object {
      "height": 2,
      "width": 2,
      "x": 8.5,
      "y": 12.5,
    },
    "transform": Array [
      1,
      0,
      0,
      1,
      0,
      0,
    ],
    "type": "fillRect",
  },
  Object {
    "props": Object {
      "height": 2,
      "width": 2,
      "x": 8.5,
      "y": 14.5,
    },
    "transform": Array [
      1,
      0,
      0,
      1,
      0,
      0,
    ],
    "type": "fillRect",
  },
  Object {
    "props": Object {
      "height": 2,
      "width": 2,
      "x": 8.5,
      "y": 16.5,
    },
    "transform": Array [
      1,
      0,
      0,
      1,
      0,
      0,
    ],
    "type": "fillRect",
  },
  Object {
    "props": Object {
      "height": 2,
      "width": 2,
      "x": 8.5,
      "y": 18.5,
    },
    "transform": Array [
      1,
      0,
      0,
      1,
      0,
      0,
    ],
    "type": "fillRect",
  },
  Object {
    "props": Object {
      "height": 2,
      "width": 2,
      "x": 10.5,
      "y": 0.5,
    },
    "transform": Array [
      1,
      0,
      0,
      1,
      0,
      0,
    ],
    "type": "fillRect",
  },
  Object {
    "props": Object {
      "height": 2,
      "width": 2,
      "x": 10.5,
      "y": 2.5,
    },
    "transform": Array [
      1,
      0,
      0,
      1,
      0,
      0,
    ],
    "type": "fillRect",
  },
  Object {
    "props": Object {
      "height": 2,
      "width": 2,
      "x": 10.5,
      "y": 4.5,
    },
    "transform": Array [
      1,
      0,
      0,
      1,
      0,
      0,
    ],
    "type": "fillRect",
  },
  Object {
    "props": Object {
      "height": 2,
      "width": 2,
      "x": 10.5,
      "y": 6.5,
    },
    "transform": Array [
      1,
      0,
      0,
      1,
      0,
      0,
    ],
    "type": "fillRect",
  },
  Object {
    "props": Object {
      "height": 2,
      "width": 2,
      "x": 10.5,
      "y": 8.5,
    },
    "transform": Array [
      1,
      0,
      0,
      1,
      0,
      0,
    ],
    "type": "fillRect",
  },
  Object {
    "props": Object {
      "height": 2,
      "width": 2,
      "x": 10.5,
      "y": 10.5,
    },
    "transform": Array [
      1,
      0,
      0,
      1,
      0,
      0,
    ],
    "type": "fillRect",
  },
  Object {
    "props": Object {
      "height": 2,
      "width": 2,
      "x": 10.5,
      "y": 12.5,
    },
    "transform": Array [
      1,
      0,
      0,
      1,
      0,
      0,
    ],
    "type": "fillRect",
  },
  Object {
    "props": Object {
      "height": 2,
      "width": 2,
      "x": 10.5,
      "y": 14.5,
    },
    "transform": Array [
      1,
      0,
      0,
      1,
      0,
      0,
    ],
    "type": "fillRect",
  },
  Object {
    "props": Object {
      "height": 2,
      "width": 2,
      "x": 10.5,
      "y": 16.5,
    },
    "transform": Array [
      1,
      0,
      0,
      1,
      0,
      0,
    ],
    "type": "fillRect",
  },
  Object {
    "props": Object {
      "height": 2,
      "width": 2,
      "x": 10.5,
      "y": 18.5,
    },
    "transform": Array [
      1,
      0,
      0,
      1,
      0,
      0,
    ],
    "type": "fillRect",
  },
  Object {
    "props": Object {
      "height": 2,
      "width": 2,
      "x": 12.5,
      "y": 0.5,
    },
    "transform": Array [
      1,
      0,
      0,
      1,
      0,
      0,
    ],
    "type": "fillRect",
  },
  Object {
    "props": Object {
      "height": 2,
      "width": 2,
      "x": 12.5,
      "y": 2.5,
    },
    "transform": Array [
      1,
      0,
      0,
      1,
      0,
      0,
    ],
    "type": "fillRect",
  },
  Object {
    "props": Object {
      "height": 2,
      "width": 2,
      "x": 12.5,
      "y": 4.5,
    },
    "transform": Array [
      1,
      0,
      0,
      1,
      0,
      0,
    ],
    "type": "fillRect",
  },
  Object {
    "props": Object {
      "height": 2,
      "width": 2,
      "x": 12.5,
      "y": 6.5,
    },
    "transform": Array [
      1,
      0,
      0,
      1,
      0,
      0,
    ],
    "type": "fillRect",
  },
  Object {
    "props": Object {
      "height": 2,
      "width": 2,
      "x": 12.5,
      "y": 8.5,
    },
    "transform": Array [
      1,
      0,
      0,
      1,
      0,
      0,
    ],
    "type": "fillRect",
  },
  Object {
    "props": Object {
      "height": 2,
      "width": 2,
      "x": 12.5,
      "y": 10.5,
    },
    "transform": Array [
      1,
      0,
      0,
      1,
      0,
      0,
    ],
    "type": "fillRect",
  },
  Object {
    "props": Object {
      "height": 2,
      "width": 2,
      "x": 12.5,
      "y": 12.5,
    },
    "transform": Array [
      1,
      0,
      0,
      1,
      0,
      0,
    ],
    "type": "fillRect",
  },
  Object {
    "props": Object {
      "height": 2,
      "width": 2,
      "x": 12.5,
      "y": 14.5,
    },
    "transform": Array [
      1,
      0,
      0,
      1,
      0,
      0,
    ],
    "type": "fillRect",
  },
  Object {
    "props": Object {
      "height": 2,
      "width": 2,
      "x": 12.5,
      "y": 16.5,
    },
    "transform": Array [
      1,
      0,
      0,
      1,
      0,
      0,
    ],
    "type": "fillRect",
  },
  Object {
    "props": Object {
      "height": 2,
      "width": 2,
      "x": 12.5,
      "y": 18.5,
    },
    "transform": Array [
      1,
      0,
      0,
      1,
      0,
      0,
    ],
    "type": "fillRect",
  },
  Object {
    "props": Object {
      "height": 2,
      "width": 2,
      "x": 14.5,
      "y": 0.5,
    },
    "transform": Array [
      1,
      0,
      0,
      1,
      0,
      0,
    ],
    "type": "fillRect",
  },
  Object {
    "props": Object {
      "height": 2,
      "width": 2,
      "x": 14.5,
      "y": 2.5,
    },
    "transform": Array [
      1,
      0,
      0,
      1,
      0,
      0,
    ],
    "type": "fillRect",
  },
  Object {
    "props": Object {
      "height": 2,
      "width": 2,
      "x": 14.5,
      "y": 4.5,
    },
    "transform": Array [
      1,
      0,
      0,
      1,
      0,
      0,
    ],
    "type": "fillRect",
  },
  Object {
    "props": Object {
      "height": 2,
      "width": 2,
      "x": 14.5,
      "y": 6.5,
    },
    "transform": Array [
      1,
      0,
      0,
      1,
      0,
      0,
    ],
    "type": "fillRect",
  },
  Object {
    "props": Object {
      "height": 2,
      "width": 2,
      "x": 14.5,
      "y": 8.5,
    },
    "transform": Array [
      1,
      0,
      0,
      1,
      0,
      0,
    ],
    "type": "fillRect",
  },
  Object {
    "props": Object {
      "height": 2,
      "width": 2,
      "x": 14.5,
      "y": 10.5,
    },
    "transform": Array [
      1,
      0,
      0,
      1,
      0,
      0,
    ],
    "type": "fillRect",
  },
  Object {
    "props": Object {
      "height": 2,
      "width": 2,
      "x": 14.5,
      "y": 12.5,
    },
    "transform": Array [
      1,
      0,
      0,
      1,
      0,
      0,
    ],
    "type": "fillRect",
  },
  Object {
    "props": Object {
      "height": 2,
      "width": 2,
      "x": 14.5,
      "y": 14.5,
    },
    "transform": Array [
      1,
      0,
      0,
      1,
      0,
      0,
    ],
    "type": "fillRect",
  },
  Object {
    "props": Object {
      "height": 2,
      "width": 2,
      "x": 14.5,
      "y": 16.5,
    },
    "transform": Array [
      1,
      0,
      0,
      1,
      0,
      0,
    ],
    "type": "fillRect",
  },
  Object {
    "props": Object {
      "height": 2,
      "width": 2,
      "x": 14.5,
      "y": 18.5,
    },
    "transform": Array [
      1,
      0,
      0,
      1,
      0,
      0,
    ],
    "type": "fillRect",
  },
  Object {
    "props": Object {
      "height": 2,
      "width": 2,
      "x": 16.5,
      "y": 0.5,
    },
    "transform": Array [
      1,
      0,
      0,
      1,
      0,
      0,
    ],
    "type": "fillRect",
  },
  Object {
    "props": Object {
      "height": 2,
      "width": 2,
      "x": 16.5,
      "y": 2.5,
    },
    "transform": Array [
      1,
      0,
      0,
      1,
      0,
      0,
    ],
    "type": "fillRect",
  },
  Object {
    "props": Object {
      "height": 2,
      "width": 2,
      "x": 16.5,
      "y": 4.5,
    },
    "transform": Array [
      1,
      0,
      0,
      1,
      0,
      0,
    ],
    "type": "fillRect",
  },
  Object {
    "props": Object {
      "height": 2,
      "width": 2,
      "x": 16.5,
      "y": 6.5,
    },
    "transform": Array [
      1,
      0,
      0,
      1,
      0,
      0,
    ],
    "type": "fillRect",
  },
  Object {
    "props": Object {
      "height": 2,
      "width": 2,
      "x": 16.5,
      "y": 8.5,
    },
    "transform": Array [
      1,
      0,
      0,
      1,
      0,
      0,
    ],
    "type": "fillRect",
  },
  Object {
    "props": Object {
      "height": 2,
      "width": 2,
      "x": 16.5,
      "y": 10.5,
    },
    "transform": Array [
      1,
      0,
      0,
      1,
      0,
      0,
    ],
    "type": "fillRect",
  },
  Object {
    "props": Object {
      "height": 2,
      "width": 2,
      "x": 16.5,
      "y": 12.5,
    },
    "transform": Array [
      1,
      0,
      0,
      1,
      0,
      0,
    ],
    "type": "fillRect",
  },
  Object {
    "props": Object {
      "height": 2,
      "width": 2,
      "x": 16.5,
      "y": 14.5,
    },
    "transform": Array [
      1,
      0,
      0,
      1,
      0,
      0,
    ],
    "type": "fillRect",
  },
  Object {
    "props": Object {
      "height": 2,
      "width": 2,
      "x": 16.5,
      "y": 16.5,
    },
    "transform": Array [
      1,
      0,
      0,
      1,
      0,
      0,
    ],
    "type": "fillRect",
  },
  Object {
    "props": Object {
      "height": 2,
      "width": 2,
      "x": 16.5,
      "y": 18.5,
    },
    "transform": Array [
      1,
      0,
      0,
      1,
      0,
      0,
    ],
    "type": "fillRect",
  },
  Object {
    "props": Object {
      "height": 2,
      "width": 2,
      "x": 18.5,
      "y": 0.5,
    },
    "transform": Array [
      1,
      0,
      0,
      1,
      0,
      0,
    ],
    "type": "fillRect",
  },
  Object {
    "props": Object {
      "height": 2,
      "width": 2,
      "x": 18.5,
      "y": 2.5,
    },
    "transform": Array [
      1,
      0,
      0,
      1,
      0,
      0,
    ],
    "type": "fillRect",
  },
  Object {
    "props": Object {
      "height": 2,
      "width": 2,
      "x": 18.5,
      "y": 4.5,
    },
    "transform": Array [
      1,
      0,
      0,
      1,
      0,
      0,
    ],
    "type": "fillRect",
  },
  Object {
    "props": Object {
      "height": 2,
      "width": 2,
      "x": 18.5,
      "y": 6.5,
    },
    "transform": Array [
      1,
      0,
      0,
      1,
      0,
      0,
    ],
    "type": "fillRect",
  },
  Object {
    "props": Object {
      "height": 2,
      "width": 2,
      "x": 18.5,
      "y": 8.5,
    },
    "transform": Array [
      1,
      0,
      0,
      1,
      0,
      0,
    ],
    "type": "fillRect",
  },
  Object {
    "props": Object {
      "height": 2,
      "width": 2,
      "x": 18.5,
      "y": 10.5,
    },
    "transform": Array [
      1,
      0,
      0,
      1,
      0,
      0,
    ],
    "type": "fillRect",
  },
  Object {
    "props": Object {
      "height": 2,
      "width": 2,
      "x": 18.5,
      "y": 12.5,
    },
    "transform": Array [
      1,
      0,
      0,
      1,
      0,
      0,
    ],
    "type": "fillRect",
  },
  Object {
    "props": Object {
      "height": 2,
      "width": 2,
      "x": 18.5,
      "y": 14.5,
    },
    "transform": Array [
      1,
      0,
      0,
      1,
      0,
      0,
    ],
    "type": "fillRect",
  },
  Object {
    "props": Object {
      "height": 2,
      "width": 2,
      "x": 18.5,
      "y": 16.5,
    },
    "transform": Array [
      1,
      0,
      0,
      1,
      0,
      0,
    ],
    "type": "fillRect",
  },
  Object {
    "props": Object {
      "height": 2,
      "width": 2,
      "x": 18.5,
      "y": 18.5,
    },
    "transform": Array [
      1,
      0,
      0,
      1,
      0,
      0,
    ],
    "type": "fillRect",
  },
]
`;
