// Jest Snapshot v1, https://goo.gl/fbAQLP

exports[`Grid Page should render GridPage component consuming the data coming from socket 1`] = `
<DocumentFragment>
  <div
    class="grid-wrap"
  >
    <div
      style="position: relative;"
    >
      <canvas
        data-testid="grid-canvas"
        height="625"
        id="grid-canvas"
        style="position: absolute; z-index: 1;"
        width="625"
      />
      <canvas
        data-testid="grid-canvas-landmarks"
        height="625"
        id="grid-canvas-landmarks"
        style="position: absolute; z-index: 3;"
        width="625"
      />
    </div>
  </div>
</DocumentFragment>
`;

exports[`Grid Page should render GridPage component with Loading 1`] = `
<DocumentFragment>
  <div
    class="multi-spinners"
    data-testid="loader"
    id="loader"
  >
    <div
      class="spinner-grow text-dark"
    />
    <div
      class="spinner-grow text-dark"
    />
    <div
      class="spinner-grow text-dark"
    />
    <div
      class="spinner-grow text-dark"
    />
    <div
      class="spinner-grow text-dark"
    />
    <div
      class="spinner-grow text-dark"
    />
  </div>
</DocumentFragment>
`;
