// Jest Snapshot v1, https://goo.gl/fbAQLP

exports[`Grid Page should render GridPage component consuming the data coming from socket 1`] = `
<DocumentFragment>
  <div
    class="grid-wrap"
  >
    <div
      style="position: relative;"
    >
      <canvas
        data-testid="grid-canvas"
        height="625"
        id="grid-canvas"
        style="position: absolute; z-index: 1;"
        width="625"
      />
      <canvas
        data-testid="grid-canvas-bg"
        height="625"
        id="grid-canvas-bg"
        style="position: absolute; z-index: 2;"
        width="625"
      />
      <canvas
        data-testid="grid-canvas-landmarks"
        height="625"
        id="grid-canvas-landmarks"
        style="position: absolute; z-index: 3;"
        width="625"
      />
      <div
        style="position: relative;"
      >
        <div
          class="card p-4 grid-control"
          style="position: absolute; z-index: 5; right: 0px; width: 190px;"
        >
          <h4
            class="pb-2"
            data-testid="counter"
            style="text-align: center;"
          >
            1/1 hrs
          </h4>
          <div
            class="pb-2"
            style="text-align: center;"
          >
            Day 0, hour: 1
          </div>
          <div
            aria-label="Buttons to pause/play and reset"
            class="btn-group mb-2 justify-content-center"
            role="group"
          >
            <svg
              aria-hidden="true"
              class="svg-inline--fa fa-pause-circle fa-w-16 icon pause"
              data-icon="pause-circle"
              data-prefix="fas"
              data-testid="pause"
              disabled=""
              focusable="false"
              role="img"
              viewBox="0 0 512 512"
              xmlns="http://www.w3.org/2000/svg"
            >
              <path
                d="M256 8C119 8 8 119 8 256s111 248 248 248 248-111 248-248S393 8 256 8zm-16 328c0 8.8-7.2 16-16 16h-48c-8.8 0-16-7.2-16-16V176c0-8.8 7.2-16 16-16h48c8.8 0 16 7.2 16 16v160zm112 0c0 8.8-7.2 16-16 16h-48c-8.8 0-16-7.2-16-16V176c0-8.8 7.2-16 16-16h48c8.8 0 16 7.2 16 16v160z"
                fill="currentColor"
              />
            </svg>
            <svg
              aria-hidden="true"
              class="svg-inline--fa fa-redo fa-w-16 icon reset"
              data-icon="redo"
              data-prefix="fas"
              data-testid="reset"
              focusable="false"
              role="img"
              viewBox="0 0 512 512"
              xmlns="http://www.w3.org/2000/svg"
            >
              <path
                d="M500.33 0h-47.41a12 12 0 0 0-12 12.57l4 82.76A247.42 247.42 0 0 0 256 8C119.34 8 7.9 119.53 8 256.19 8.1 393.07 119.1 504 256 504a247.1 247.1 0 0 0 166.18-63.91 12 12 0 0 0 .48-17.43l-34-34a12 12 0 0 0-16.38-.55A176 176 0 1 1 402.1 157.8l-101.53-4.87a12 12 0 0 0-12.57 12v47.41a12 12 0 0 0 12 12h200.33a12 12 0 0 0 12-12V12a12 12 0 0 0-12-12z"
                fill="currentColor"
              />
            </svg>
          </div>
          <div
            aria-label="Buttons to increase/decrease current displayed hour"
            class="btn-group my-0 mx-auto hour-step-control"
            data-testid="hour-step-controls"
            role="group"
          >
            <svg
              aria-hidden="true"
              class="svg-inline--fa fa-step-backward fa-w-14 icon"
              data-icon="step-backward"
              data-prefix="fas"
              data-testid="decrement-hour"
              focusable="false"
              name="decrement hour"
              role="img"
              viewBox="0 0 448 512"
              xmlns="http://www.w3.org/2000/svg"
            >
              <path
                d="M64 468V44c0-6.6 5.4-12 12-12h48c6.6 0 12 5.4 12 12v176.4l195.5-181C352.1 22.3 384 36.6 384 64v384c0 27.4-31.9 41.7-52.5 24.6L136 292.7V468c0 6.6-5.4 12-12 12H76c-6.6 0-12-5.4-12-12z"
                fill="currentColor"
              />
            </svg>
            <svg
              aria-hidden="true"
              class="svg-inline--fa fa-step-forward fa-w-14 icon"
              data-icon="step-forward"
              data-prefix="fas"
              data-testid="increment-hour"
              focusable="false"
              name="increment hour"
              role="img"
              viewBox="0 0 448 512"
              xmlns="http://www.w3.org/2000/svg"
            >
              <path
                d="M384 44v424c0 6.6-5.4 12-12 12h-48c-6.6 0-12-5.4-12-12V291.6l-195.5 181C95.9 489.7 64 475.4 64 448V64c0-27.4 31.9-41.7 52.5-24.6L312 219.3V44c0-6.6 5.4-12 12-12h48c6.6 0 12 5.4 12 12z"
                fill="currentColor"
              />
            </svg>
          </div>
        </div>
        <canvas
          data-testid="grid-canvas-agents"
          height="625"
          id="grid-canvas-agents"
          style="position: absolute; z-index: 4;"
          width="625"
        />
        <div
          class="legends-wrap px-2 py-2"
        >
          <h6>
            Areas
          </h6>
          <ul
            class="legends areas"
          >
            <li>
              <div
                class="legend-item"
              >
                <span
                  class="swatch"
                  style="background-color: rgb(255, 240, 194);"
                />
                <span
                  class="text"
                >
                  Housing
                </span>
              </div>
            </li>
            <li>
              <div
                class="legend-item"
              >
                <span
                  class="swatch"
                  style="background-color: rgb(249, 209, 228);"
                />
                <span
                  class="text"
                >
                  Work
                </span>
              </div>
            </li>
            <li>
              <div
                class="legend-item"
              >
                <span
                  class="swatch"
                  style="background-color: rgb(250, 213, 181);"
                />
                <span
                  class="text"
                >
                  Transport
                </span>
              </div>
            </li>
            <li>
              <div
                class="legend-item"
              >
                <span
                  class="swatch"
                  style="background-color: rgb(185, 218, 253);"
                />
                <span
                  class="text"
                >
                  Hospital
                </span>
              </div>
            </li>
            <li>
              <div
                class="legend-item"
              >
                <span
                  class="swatch"
                  style="background-color: rgb(204, 204, 204);"
                />
                <span
                  class="text"
                >
                  Other
                </span>
              </div>
            </li>
          </ul>
          <h6>
            Agent States
          </h6>
          <ul
            class="legends agents"
          >
            <li>
              <div
                class="legend-item"
              >
                <span
                  class="swatch"
                  style="background-color: rgb(0, 123, 255);"
                />
                <span
                  class="text count"
                >
                  3
                </span>
                <span
                  class="text"
                >
                  Susceptible
                </span>
              </div>
            </li>
            <li>
              <div
                class="legend-item"
              >
                <span
                  class="swatch"
                  style="background-color: rgb(255, 165, 0);"
                />
                <span
                  class="text count"
                >
                  0
                </span>
                <span
                  class="text"
                >
                  Exposed
                </span>
              </div>
            </li>
            <li>
              <div
                class="legend-item"
              >
                <span
                  class="swatch"
                  style="background-color: rgb(231, 76, 60);"
                />
                <span
                  class="text count"
                >
                  0
                </span>
                <span
                  class="text"
                >
                  Infected
                </span>
              </div>
            </li>
            <li>
              <div
                class="legend-item"
              >
                <span
                  class="swatch"
                  style="background-color: rgb(40, 167, 69);"
                />
                <span
                  class="text count"
                >
                  0
                </span>
                <span
                  class="text"
                >
                  Recovered
                </span>
              </div>
            </li>
            <li>
              <div
                class="legend-item"
              >
                <span
                  class="swatch"
                  style="background-color: black;"
                />
                <span
                  class="text count"
                >
                  0
                </span>
                <span
                  class="text"
                >
                  Deceased
                </span>
              </div>
            </li>
          </ul>
        </div>
      </div>
    </div>
  </div>
</DocumentFragment>
`;

exports[`Grid Page should render GridPage component with Loading 1`] = `
<DocumentFragment>
  <div
    class="grid-wrap"
  >
    <div
      class="multi-spinners"
      data-testid="loader"
      id="loader"
    >
      <div
        class="spinner-grow text-dark"
      />
      <div
        class="spinner-grow text-dark"
      />
      <div
        class="spinner-grow text-dark"
      />
      <div
        class="spinner-grow text-dark"
      />
      <div
        class="spinner-grow text-dark"
      />
      <div
        class="spinner-grow text-dark"
      />
    </div>
  </div>
</DocumentFragment>
`;
