// Jest Snapshot v1, https://goo.gl/fbAQLP

exports[`Grid Page should render GridPage component consuming the data coming from socket 1`] = `
<DocumentFragment>
  <div
    class="grid-wrap"
  >
    <div
      style="position: relative;"
    >
      <canvas
        data-testid="grid-canvas"
        height="625"
        id="grid-canvas"
        style="position: absolute; z-index: 1;"
        width="625"
      />
      <canvas
        data-testid="grid-canvas-bg"
        height="625"
        id="grid-canvas-bg"
        style="position: absolute; z-index: 2;"
        width="625"
      />
      <canvas
        data-testid="grid-canvas-landmarks"
        height="625"
        id="grid-canvas-landmarks"
        style="position: absolute; z-index: 3;"
        width="625"
      />
      <div
        style="position: relative;"
      >
        <div
          style="position: absolute; z-index: 5; right: 0px; width: 190px;"
        >
          <h4
            data-testid="counter"
          >
            1/1 hrs
          </h4>
          <div
            aria-label="Buttons to pause/play and reset"
            class="btn-group mr-2"
            role="group"
          >
            <button
              class="btn btn-primary btn-sm"
              disabled=""
            >
              PAUSE
            </button>
            <button
              class="btn btn-danger btn-sm"
            >
              RESET
            </button>
          </div>
        </div>
        <canvas
          data-testid="grid-canvas-agents"
          height="625"
          id="grid-canvas-agents"
          style="position: absolute; z-index: 4;"
          width="625"
        />
        <div
          class="legends-wrap"
        >
          <h6>
            Areas
          </h6>
          <ul
            class="legends areas"
          >
            <li>
              <div
                class="legend-item"
              >
                <span
                  class="swatch"
                  style="background-color: rgb(255, 240, 194);"
                />
                <span
                  class="text"
                >
                  Housing
                </span>
              </div>
            </li>
            <li>
              <div
                class="legend-item"
              >
                <span
                  class="swatch"
                  style="background-color: rgb(249, 209, 228);"
                />
                <span
                  class="text"
                >
                  Work
                </span>
              </div>
            </li>
            <li>
              <div
                class="legend-item"
              >
                <span
                  class="swatch"
                  style="background-color: rgb(250, 213, 181);"
                />
                <span
                  class="text"
                >
                  Transport
                </span>
              </div>
            </li>
            <li>
              <div
                class="legend-item"
              >
                <span
                  class="swatch"
                  style="background-color: rgb(185, 218, 253);"
                />
                <span
                  class="text"
                >
                  Hospital
                </span>
              </div>
            </li>
            <li>
              <div
                class="legend-item"
              >
                <span
                  class="swatch"
                  style="background-color: rgb(204, 204, 204);"
                />
                <span
                  class="text"
                >
                  Other
                </span>
              </div>
            </li>
          </ul>
          <h6>
            Agent States
          </h6>
          <ul
            class="legends agents"
          >
            <li>
              <div
                class="legend-item"
              >
                <span
                  class="swatch"
                  style="background-color: rgb(0, 123, 255);"
                />
                <span
                  class="text count"
                >
                  3
                </span>
                <span
                  class="text"
                >
                  Susceptible
                </span>
              </div>
            </li>
            <li>
              <div
                class="legend-item"
              >
                <span
                  class="swatch"
                  style="background-color: rgb(231, 76, 60);"
                />
                <span
                  class="text count"
                >
                  0
                </span>
                <span
                  class="text"
                >
                  Infected
                </span>
              </div>
            </li>
            <li>
              <div
                class="legend-item"
              >
                <span
                  class="swatch"
                  style="background-color: rgb(40, 167, 69);"
                />
                <span
                  class="text count"
                >
                  0
                </span>
                <span
                  class="text"
                >
                  Recovered
                </span>
              </div>
            </li>
            <li>
              <div
                class="legend-item"
              >
                <span
                  class="swatch"
                  style="background-color: black;"
                />
                <span
                  class="text count"
                >
                  0
                </span>
                <span
                  class="text"
                >
                  Deceased
                </span>
              </div>
            </li>
          </ul>
        </div>
      </div>
    </div>
  </div>
</DocumentFragment>
`;

exports[`Grid Page should render GridPage component with Loading 1`] = `
<DocumentFragment>
  <div
    class="multi-spinners"
    data-testid="loader"
    id="loader"
  >
    <div
      class="spinner-grow text-dark"
    />
    <div
      class="spinner-grow text-dark"
    />
    <div
      class="spinner-grow text-dark"
    />
    <div
      class="spinner-grow text-dark"
    />
    <div
      class="spinner-grow text-dark"
    />
    <div
      class="spinner-grow text-dark"
    />
  </div>
</DocumentFragment>
`;
