// Jest Snapshot v1, https://goo.gl/fbAQLP

exports[`Grid should have container with cells 1`] = `
<div
  className="grid"
>
  <div
    className="row"
  >
    <div
      className="col-8"
    >
      <div
        className="grid-row-0"
      >
        <div
          className="grid-cell-0"
          style={
            Object {
              "height": "10px",
              "width": "10px",
            }
          }
        >
          <div
            className="cell-body"
            style={
              Object {
                "background": "rgb(75, 34, 23)",
              }
            }
          />
        </div>
        <div
          className="grid-cell-1"
          style={
            Object {
              "height": "10px",
              "width": "10px",
            }
          }
        >
          <div
            className="cell-body"
            style={
              Object {
                "background": "rgb(75, 34, 23)",
              }
            }
          />
        </div>
        <div
          className="grid-cell-2"
          style={
            Object {
              "height": "10px",
              "width": "10px",
            }
          }
        >
          <div
            className="cell-body"
            style={
              Object {
                "background": "rgb(75, 34, 23)",
              }
            }
          />
        </div>
        <div
          className="grid-cell-3"
          style={
            Object {
              "height": "10px",
              "width": "10px",
            }
          }
        >
          <div
            className="cell-body"
            style={
              Object {
                "background": "rgb(75, 34, 23)",
              }
            }
          />
        </div>
        <div
          className="grid-cell-4"
          style={
            Object {
              "height": "10px",
              "width": "10px",
            }
          }
        >
          <div
            className="cell-body"
            style={
              Object {
                "background": "rgb(75, 34, 23)",
              }
            }
          />
        </div>
      </div>
      <div
        className="grid-row-1"
      >
        <div
          className="grid-cell-0"
          style={
            Object {
              "height": "10px",
              "width": "10px",
            }
          }
        >
          <div
            className="cell-body"
            style={
              Object {
                "background": "rgb(75, 34, 23)",
              }
            }
          />
        </div>
        <div
          className="grid-cell-1"
          style={
            Object {
              "height": "10px",
              "width": "10px",
            }
          }
        >
          <div
            className="cell-body"
            style={
              Object {
                "background": "rgb(75, 34, 23)",
              }
            }
          />
        </div>
        <div
          className="grid-cell-2"
          style={
            Object {
              "height": "10px",
              "width": "10px",
            }
          }
        >
          <div
            className="cell-body"
            style={
              Object {
                "background": "rgb(75, 34, 23)",
              }
            }
          />
        </div>
        <div
          className="grid-cell-3"
          style={
            Object {
              "height": "10px",
              "width": "10px",
            }
          }
        >
          <div
            className="cell-body"
            style={
              Object {
                "background": "rgb(75, 34, 23)",
              }
            }
          />
        </div>
        <div
          className="grid-cell-4"
          style={
            Object {
              "height": "10px",
              "width": "10px",
            }
          }
        >
          <div
            className="cell-body"
            style={
              Object {
                "background": "rgb(75, 34, 23)",
              }
            }
          />
        </div>
      </div>
      <div
        className="grid-row-2"
      >
        <div
          className="grid-cell-0"
          style={
            Object {
              "height": "10px",
              "width": "10px",
            }
          }
        >
          <div
            className="cell-body"
            style={
              Object {
                "background": "rgb(75, 34, 23)",
              }
            }
          />
        </div>
        <div
          className="grid-cell-1"
          style={
            Object {
              "height": "10px",
              "width": "10px",
            }
          }
        >
          <div
            className="cell-body"
            style={
              Object {
                "background": "rgb(75, 34, 23)",
              }
            }
          />
        </div>
        <div
          className="grid-cell-2"
          style={
            Object {
              "height": "10px",
              "width": "10px",
            }
          }
        >
          <div
            className="cell-body"
            style={
              Object {
                "background": "rgb(75, 34, 23)",
              }
            }
          />
        </div>
        <div
          className="grid-cell-3"
          style={
            Object {
              "height": "10px",
              "width": "10px",
            }
          }
        >
          <div
            className="cell-body"
            style={
              Object {
                "background": "rgb(75, 34, 23)",
              }
            }
          />
        </div>
        <div
          className="grid-cell-4"
          style={
            Object {
              "height": "10px",
              "width": "10px",
            }
          }
        >
          <div
            className="cell-body"
            style={
              Object {
                "background": "rgb(75, 34, 23)",
              }
            }
          />
        </div>
      </div>
      <div
        className="grid-row-3"
      >
        <div
          className="grid-cell-0"
          style={
            Object {
              "height": "10px",
              "width": "10px",
            }
          }
        >
          <div
            className="cell-body"
            style={
              Object {
                "background": "rgb(75, 34, 23)",
              }
            }
          />
        </div>
        <div
          className="grid-cell-1"
          style={
            Object {
              "height": "10px",
              "width": "10px",
            }
          }
        >
          <div
            className="cell-body"
            style={
              Object {
                "background": "rgb(75, 34, 23)",
              }
            }
          />
        </div>
        <div
          className="grid-cell-2"
          style={
            Object {
              "height": "10px",
              "width": "10px",
            }
          }
        >
          <div
            className="cell-body"
            style={
              Object {
                "background": "rgb(75, 34, 23)",
              }
            }
          />
        </div>
        <div
          className="grid-cell-3"
          style={
            Object {
              "height": "10px",
              "width": "10px",
            }
          }
        >
          <div
            className="cell-body"
            style={
              Object {
                "background": "rgb(75, 34, 23)",
              }
            }
          />
        </div>
        <div
          className="grid-cell-4"
          style={
            Object {
              "height": "10px",
              "width": "10px",
            }
          }
        >
          <div
            className="cell-body"
            style={
              Object {
                "background": "rgb(75, 34, 23)",
              }
            }
          />
        </div>
      </div>
      <div
        className="grid-row-4"
      >
        <div
          className="grid-cell-0"
          style={
            Object {
              "height": "10px",
              "width": "10px",
            }
          }
        >
          <div
            className="cell-body"
            style={
              Object {
                "background": "rgb(75, 34, 23)",
              }
            }
          />
        </div>
        <div
          className="grid-cell-1"
          style={
            Object {
              "height": "10px",
              "width": "10px",
            }
          }
        >
          <div
            className="cell-body"
            style={
              Object {
                "background": "rgb(75, 34, 23)",
              }
            }
          />
        </div>
        <div
          className="grid-cell-2"
          style={
            Object {
              "height": "10px",
              "width": "10px",
            }
          }
        >
          <div
            className="cell-body"
            style={
              Object {
                "background": "rgb(75, 34, 23)",
              }
            }
          />
        </div>
        <div
          className="grid-cell-3"
          style={
            Object {
              "height": "10px",
              "width": "10px",
            }
          }
        >
          <div
            className="cell-body"
            style={
              Object {
                "background": "rgb(75, 34, 23)",
              }
            }
          />
        </div>
        <div
          className="grid-cell-4"
          style={
            Object {
              "height": "10px",
              "width": "10px",
            }
          }
        >
          <div
            className="cell-body"
            style={
              Object {
                "background": "rgb(75, 34, 23)",
              }
            }
          />
        </div>
      </div>
    </div>
    <div
      className="col-4"
    >
      Config
    </div>
  </div>
</div>
`;
