// Jest Snapshot v1, https://goo.gl/fbAQLP

exports[`jobs controller /init should create a job with id and config 1`] = `
Object {
  "disease": Object {
    "asymptomatic_last_day": 22,
    "death_rate": 0.2,
    "exposed_duration": 48,
    "high_transmission_rate": 0.5,
    "high_transmission_start_day": 16,
    "last_day": 22,
    "mild_infected_last_day": 5,
    "percentage_asymptomatic_population": 0.3,
    "percentage_severe_infected_population": 0.3,
    "pre_symptomatic_duration": 0,
    "regular_transmission_rate": 0.05,
    "regular_transmission_start_day": 10,
  },
  "enable_citizen_state_messages": false,
  "geography_parameters": Object {
    "grid_size": 250,
    "hospital_beds_percentage": 0.003,
  },
  "hours": 10000,
  "interventions": Array [
    Object {
      "Vaccinate": Object {
        "at_hour": 5000,
        "percent": 0.2,
      },
    },
    Object {
      "Lockdown": Object {
        "at_number_of_infections": 100,
        "essential_workers_population": 0.1,
      },
    },
    Object {
      "BuildNewHospital": Object {
        "spread_rate_threshold": 100,
      },
    },
  ],
  "number_of_simulations": 1,
  "population": Object {
    "Auto": Object {
      "number_of_agents": 10000,
      "public_transport_percentage": 0.2,
      "working_percentage": 0.7,
    },
  },
  "tags": Array [],
}
`;
