// Jest Snapshot v1, https://goo.gl/fbAQLP

exports[`should render SocketAwareGraph 1`] = `
<DocumentFragment>
  <div
    class="graph-wrap"
  >
    <div
      data-testid="visualization"
      id="vis"
    />
    <div
      class="graph-actions"
    >
      <p
        class="action"
      >
        Zoom: 
        <span
          class="control"
        >
          click-drag
        </span>
      </p>
      <p
        class="action"
      >
        Pan: 
        <span
          class="control"
        >
          shift-click-drag
        </span>
      </p>
      <p
        class="action"
      >
        Restore: 
        <span
          class="control"
        >
          double-click
        </span>
      </p>
      <button
        class="btn btn-secondary"
        disabled=""
      >
        Export graph
      </button>
    </div>
  </div>
</DocumentFragment>
`;
