// Jest Snapshot v1, https://goo.gl/fbAQLP

exports[`Comparer Dropdowns should render inputs to select jobs to compare 1`] = `
<DocumentFragment>
  <div
    class="comparer-dropdowns container"
  >
    <form
      class="row"
    >
      <div
        class="col-5"
      >
        <label
          for="job1"
        >
          Job 1
        </label>
        <select
          class="form-control"
          id="job1"
          name="job1"
          required=""
        >
          <option
            disabled=""
            value=""
          >
             -- select a job -- 
          </option>
          <option>
            id1
          </option>
          <option>
            id2
          </option>
        </select>
      </div>
      <div
        class="col-5"
      >
        <label
          for="job2"
        >
          Job 2
        </label>
        <select
          class="form-control"
          id="job2"
          name="job2"
          required=""
        >
          <option
            disabled=""
            value=""
          >
             -- select a job -- 
          </option>
          <option>
            id1
          </option>
          <option>
            id2
          </option>
        </select>
      </div>
      <div
        class="col-2 margin-top-auto"
      >
        <button
          class="btn btn-primary"
        >
          Compare
        </button>
      </div>
    </form>
  </div>
</DocumentFragment>
`;
