// Jest Snapshot v1, https://goo.gl/fbAQLP

exports[`Comparer Config should render Select for time-series filer and form for selecting interventions 1`] = `
<div
  className="comparer-config"
>
  <div
    className="user-inputs"
  >
    <div
      className="form-row"
    >
      <h5>
        <b>
          <label
            htmlFor="series-filer"
          >
            Select line-graphs:
          </label>
        </b>
      </h5>
      <StateManager
        aria-label="tags"
        defaultInputValue=""
        defaultMenuIsOpen={false}
        defaultValue={null}
        inputId="series-filer"
        isMulti={true}
        name="tags"
        onChange={[Function]}
        options={
          Array [
            Object {
              "label": "susceptible",
              "value": "susceptible",
            },
            Object {
              "label": "infected",
              "value": "infected",
            },
            Object {
              "label": "hospitalized",
              "value": "hospitalized",
            },
            Object {
              "label": "recovered",
              "value": "recovered",
            },
            Object {
              "label": "deceased",
              "value": "deceased",
            },
          ]
        }
      />
    </div>
  </div>
  <form
    className="user-inputs"
    onSubmit={[Function]}
  >
    <div
      className="form-row"
    >
      <h5>
        <b>
          <label>
            Select interventions:
          </label>
        </b>
      </h5>
      <label
        htmlFor="job1-interventions-filter"
      >
        Job 1:
      </label>
      <StateManager
        aria-label="tags"
        defaultInputValue=""
        defaultMenuIsOpen={false}
        defaultValue={null}
        inputId="job1-interventions-filter"
        isMulti={true}
        name="job1-interventions"
        onChange={[Function]}
        options={
          Array [
            Object {
              "label": "4567uhg",
              "value": "4567uhg",
            },
            Object {
              "label": "4567uyhghjn",
              "value": "4567uyhghjn",
            },
          ]
        }
      />
    </div>
    <div
      className="form-row"
    >
      <label
        htmlFor="job2-interventions-filter"
      >
        Job 2:
      </label>
      <StateManager
        aria-label="tags"
        defaultInputValue=""
        defaultMenuIsOpen={false}
        defaultValue={null}
        inputId="job2-interventions-filter"
        isMulti={true}
        name="job2-interventions"
        onChange={[Function]}
        options={
          Array [
            Object {
              "label": "456776tgh",
              "value": "456776tgh",
            },
          ]
        }
      />
    </div>
    <div
      className="form-row"
    >
      <button
        className="btn btn-primary"
      >
        Show Interventions
      </button>
    </div>
  </form>
</div>
`;
