// Jest Snapshot v1, https://goo.gl/fbAQLP

exports[`Jobs DropDown should render dropdown with job id list 1`] = `
<div>
  <label
    for="job1"
  >
    job 1
  </label>
  <select
    class="form-control"
    id="job1"
    name="job1"
    required=""
  >
    <option
      disabled=""
      value=""
    >
       -- select a job -- 
    </option>
    <option>
      id1
    </option>
    <option>
      id2
    </option>
  </select>
</div>
`;
