// Jest Snapshot v1, https://goo.gl/fbAQLP

exports[`Jobs Compare should display failed message when fetching jobs has failed 1`] = `
<div>
  <div>
    <div>
      Failed to load
    </div>
  </div>
</div>
`;

exports[`Jobs Compare should render with default state 1`] = `
<div>
  <LoadingComponent
    loadingState={1}
  >
    <div
      className="row justify-content-md-center"
    >
      <div
        className="col-7"
      >
        <ComparerDropdowns
          jobs={Array []}
          onCompare={[Function]}
        />
      </div>
    </div>
  </LoadingComponent>
</div>
`;

exports[`Jobs Compare should render with jobs fetched that are finished 1`] = `
NodeList [
  <select
    class="form-control"
    id="job1"
    name="job1"
    required=""
  >
    <option
      disabled=""
      value=""
    >
       -- select a job -- 
    </option>
    <option>
      1
    </option>
    <option>
      4
    </option>
  </select>,
  <select
    class="form-control"
    id="job2"
    name="job2"
    required=""
  >
    <option
      disabled=""
      value=""
    >
       -- select a job -- 
    </option>
    <option>
      1
    </option>
    <option>
      4
    </option>
  </select>,
]
`;

exports[`Jobs Compare should update graph when graph updater updates value 1`] = `
<div>
  <div>
    <div
      class="row justify-content-md-center"
    >
      <div
        class="col-7"
      >
        <div
          class="comparer-dropdowns container"
        >
          <form
            class="row"
          >
            <div
              class="col-5"
            >
              <label
                for="job1"
              >
                Job 1
              </label>
              <select
                class="form-control"
                id="job1"
                name="job1"
                required=""
              >
                <option
                  disabled=""
                  value=""
                >
                   -- select a job -- 
                </option>
                <option>
                  1
                </option>
                <option>
                  2
                </option>
              </select>
            </div>
            <div
              class="col-5"
            >
              <label
                for="job2"
              >
                Job 2
              </label>
              <select
                class="form-control"
                id="job2"
                name="job2"
                required=""
              >
                <option
                  disabled=""
                  value=""
                >
                   -- select a job -- 
                </option>
                <option>
                  1
                </option>
                <option>
                  2
                </option>
              </select>
            </div>
            <div
              class="col-2 margin-top-auto"
            >
              <button
                class="btn btn-primary"
              >
                Compare
              </button>
            </div>
          </form>
        </div>
      </div>
    </div>
    <div
      class="row"
    >
      <div
        class="col-2"
      >
        <div
          class="comparer-config"
        >
          <div
            class="user-inputs"
          >
            <div
              class="form-row"
            >
              <h5>
                <b>
                  <label
                    for="series-filer"
                  >
                    Select line-graphs:
                  </label>
                </b>
              </h5>
              <div
                class=" css-2b097c-container"
              >
                <div
                  class=" css-yk16xz-control"
                >
                  <div
                    class=" css-g1d714-ValueContainer"
                  >
                    <div
                      class=" css-1wa3eu0-placeholder"
                    >
                      Select...
                    </div>
                    <div
                      class="css-b8ldur-Input"
                    >
                      <div
                        class=""
                        style="display: inline-block;"
                      >
                        <input
                          aria-autocomplete="list"
                          aria-label="tags"
                          autocapitalize="none"
                          autocomplete="off"
                          autocorrect="off"
                          id="series-filer"
                          spellcheck="false"
                          style="box-sizing: content-box; width: 2px; border: 0px; font-size: inherit; opacity: 1; outline: 0; padding: 0px;"
                          tabindex="0"
                          type="text"
                          value=""
                        />
                        <div
                          style="position: absolute; top: 0px; left: 0px; visibility: hidden; height: 0px; overflow: scroll; white-space: pre; font-size: inherit; font-family: -webkit-small-control; letter-spacing: normal; text-transform: none;"
                        />
                      </div>
                    </div>
                  </div>
                  <div
                    class=" css-1hb7zxy-IndicatorsContainer"
                  >
                    <span
                      class=" css-1okebmr-indicatorSeparator"
                    />
                    <div
                      aria-hidden="true"
                      class=" css-tlfecz-indicatorContainer"
                    >
                      <svg
                        aria-hidden="true"
                        class="css-6q0nyr-Svg"
                        focusable="false"
                        height="20"
                        viewBox="0 0 20 20"
                        width="20"
                      >
                        <path
                          d="M4.516 7.548c0.436-0.446 1.043-0.481 1.576 0l3.908 3.747 3.908-3.747c0.533-0.481 1.141-0.446 1.574 0 0.436 0.445 0.408 1.197 0 1.615-0.406 0.418-4.695 4.502-4.695 4.502-0.217 0.223-0.502 0.335-0.787 0.335s-0.57-0.112-0.789-0.335c0 0-4.287-4.084-4.695-4.502s-0.436-1.17 0-1.615z"
                        />
                      </svg>
                    </div>
                  </div>
                </div>
                <div>
                  <input
                    name="tags"
                    type="hidden"
                  />
                </div>
              </div>
            </div>
          </div>
          <form
            class="user-inputs"
          >
            <div
              class="form-row"
            >
              <h5>
                <b>
                  <label>
                    Select interventions:
                  </label>
                </b>
              </h5>
              <label
                for="job1-interventions-filter"
              >
                Job 1:
              </label>
              <div
                class=" css-2b097c-container"
              >
                <div
                  class=" css-yk16xz-control"
                >
                  <div
                    class=" css-g1d714-ValueContainer"
                  >
                    <div
                      class=" css-1wa3eu0-placeholder"
                    >
                      Select...
                    </div>
                    <div
                      class="css-b8ldur-Input"
                    >
                      <div
                        class=""
                        style="display: inline-block;"
                      >
                        <input
                          aria-autocomplete="list"
                          aria-label="tags"
                          autocapitalize="none"
                          autocomplete="off"
                          autocorrect="off"
                          id="job1-interventions-filter"
                          spellcheck="false"
                          style="box-sizing: content-box; width: 2px; border: 0px; font-size: inherit; opacity: 1; outline: 0; padding: 0px;"
                          tabindex="0"
                          type="text"
                          value=""
                        />
                        <div
                          style="position: absolute; top: 0px; left: 0px; visibility: hidden; height: 0px; overflow: scroll; white-space: pre; font-size: inherit; font-family: -webkit-small-control; letter-spacing: normal; text-transform: none;"
                        />
                      </div>
                    </div>
                  </div>
                  <div
                    class=" css-1hb7zxy-IndicatorsContainer"
                  >
                    <span
                      class=" css-1okebmr-indicatorSeparator"
                    />
                    <div
                      aria-hidden="true"
                      class=" css-tlfecz-indicatorContainer"
                    >
                      <svg
                        aria-hidden="true"
                        class="css-6q0nyr-Svg"
                        focusable="false"
                        height="20"
                        viewBox="0 0 20 20"
                        width="20"
                      >
                        <path
                          d="M4.516 7.548c0.436-0.446 1.043-0.481 1.576 0l3.908 3.747 3.908-3.747c0.533-0.481 1.141-0.446 1.574 0 0.436 0.445 0.408 1.197 0 1.615-0.406 0.418-4.695 4.502-4.695 4.502-0.217 0.223-0.502 0.335-0.787 0.335s-0.57-0.112-0.789-0.335c0 0-4.287-4.084-4.695-4.502s-0.436-1.17 0-1.615z"
                        />
                      </svg>
                    </div>
                  </div>
                </div>
                <div>
                  <input
                    name="job1-interventions"
                    type="hidden"
                  />
                </div>
              </div>
            </div>
            <div
              class="form-row"
            >
              <label
                for="job2-interventions-filter"
              >
                Job 2:
              </label>
              <div
                class=" css-2b097c-container"
              >
                <div
                  class=" css-yk16xz-control"
                >
                  <div
                    class=" css-g1d714-ValueContainer"
                  >
                    <div
                      class=" css-1wa3eu0-placeholder"
                    >
                      Select...
                    </div>
                    <div
                      class="css-b8ldur-Input"
                    >
                      <div
                        class=""
                        style="display: inline-block;"
                      >
                        <input
                          aria-autocomplete="list"
                          aria-label="tags"
                          autocapitalize="none"
                          autocomplete="off"
                          autocorrect="off"
                          id="job2-interventions-filter"
                          spellcheck="false"
                          style="box-sizing: content-box; width: 2px; border: 0px; font-size: inherit; opacity: 1; outline: 0; padding: 0px;"
                          tabindex="0"
                          type="text"
                          value=""
                        />
                        <div
                          style="position: absolute; top: 0px; left: 0px; visibility: hidden; height: 0px; overflow: scroll; white-space: pre; font-size: inherit; font-family: -webkit-small-control; letter-spacing: normal; text-transform: none;"
                        />
                      </div>
                    </div>
                  </div>
                  <div
                    class=" css-1hb7zxy-IndicatorsContainer"
                  >
                    <span
                      class=" css-1okebmr-indicatorSeparator"
                    />
                    <div
                      aria-hidden="true"
                      class=" css-tlfecz-indicatorContainer"
                    >
                      <svg
                        aria-hidden="true"
                        class="css-6q0nyr-Svg"
                        focusable="false"
                        height="20"
                        viewBox="0 0 20 20"
                        width="20"
                      >
                        <path
                          d="M4.516 7.548c0.436-0.446 1.043-0.481 1.576 0l3.908 3.747 3.908-3.747c0.533-0.481 1.141-0.446 1.574 0 0.436 0.445 0.408 1.197 0 1.615-0.406 0.418-4.695 4.502-4.695 4.502-0.217 0.223-0.502 0.335-0.787 0.335s-0.57-0.112-0.789-0.335c0 0-4.287-4.084-4.695-4.502s-0.436-1.17 0-1.615z"
                        />
                      </svg>
                    </div>
                  </div>
                </div>
                <div>
                  <input
                    name="job2-interventions"
                    type="hidden"
                  />
                </div>
              </div>
            </div>
            <div
              class="form-row"
            >
              <button
                class="btn btn-primary"
              >
                Show Interventions
              </button>
            </div>
          </form>
        </div>
      </div>
      <div
        class="col-10"
      >
        <div
          class="jobs-compare-chart"
        >
          <div
            class="graph-wrap"
          >
            <div
              class="graph-actions"
            >
              <p
                class="action"
              >
                Zoom: 
                <code
                  class="control"
                >
                  click-drag
                </code>
              </p>
              <p
                class="action"
              >
                Pan: 
                <code
                  class="control"
                >
                  shift-click-drag
                </code>
              </p>
              <p
                class="action"
              >
                Restore: 
                <code
                  class="control"
                >
                  double-click
                </code>
              </p>
              <button
                class="btn btn-sm btn-secondary"
                disabled=""
              >
                Export graph data
              </button>
            </div>
            <div
              data-testid="visualization"
              id="vis"
              style="height: 320px; width: 480px;"
            >
              <div
                style="text-align: left; position: relative; width: 0px; height: 0px;"
              >
                <canvas
                  height="0"
                  style="position: absolute; width: 0px; height: 0px;"
                  width="0"
                />
                <canvas
                  height="0"
                  style="position: absolute; width: 0px; height: 0px;"
                  width="0"
                />
                <input
                  class="dygraph-roller"
                  size="2"
                  style="display: block; top: -63px; left: 57px;"
                  type="text"
                />
                <div
                  style="position: absolute; left: 0px; top: 0px; width: -5px; height: 28px; font-size: 20px;"
                >
                  <div
                    class="dygraph-label dygraph-title"
                  >
                    Time Series Graph
                  </div>
                </div>
                <div
                  style="position: absolute; left: 0px; top: -18px; width: -5px; height: 18px; font-size: 16px;"
                >
                  <div
                    class="dygraph-label dygraph-xlabel"
                  >
                    Hours
                  </div>
                </div>
                <div
                  style="position: absolute; left: 0px; top: 28px; width: 0px; height: -46px; font-size: 16px;"
                >
                  <div
                    class="dygraph-label-rotate-right"
                    style="position: absolute; width: -46px; height: 0px; top: -23px; left: 23px;"
                  >
                    <div
                      class="dygraph-label dygraph-ylabel"
                    >
                      Number of Agents
                    </div>
                  </div>
                </div>
                <div
                  class="dygraph-legend"
                  style="left: -6px; top: 28px;"
                >
                  <span
                    style="font-weight: bold; color: #0A1045;"
                  >
                    <div
                      class="dygraph-legend-line"
                      style="border-bottom-color: #0A1045;"
                    />
                     susceptible_job1
                  </span>
                   
                  <span
                    style="font-weight: bold; color: #00C2D1;"
                  >
                    <div
                      class="dygraph-legend-line"
                      style="border-bottom-color: #00C2D1;"
                    />
                     infected_job1
                  </span>
                   
                  <span
                    style="font-weight: bold; color: #F9E900;"
                  >
                    <div
                      class="dygraph-legend-line"
                      style="border-bottom-color: #F9E900;"
                    />
                     hospitalized_job1
                  </span>
                   
                  <span
                    style="font-weight: bold; color: #F6AF65;"
                  >
                    <div
                      class="dygraph-legend-line"
                      style="border-bottom-color: #F6AF65;"
                    />
                     recovered_job1
                  </span>
                   
                  <span
                    style="font-weight: bold; color: #ED33B9;"
                  >
                    <div
                      class="dygraph-legend-line"
                      style="border-bottom-color: #ED33B9;"
                    />
                     deceased_job1
                  </span>
                   
                  <span
                    style="font-weight: bold; color: #8588a2;"
                  >
                    <div
                      class="dygraph-legend-line"
                      style="border-bottom-color: #8588a2;"
                    />
                     susceptible_job2
                  </span>
                   
                  <span
                    style="font-weight: bold; color: #80e1e8;"
                  >
                    <div
                      class="dygraph-legend-line"
                      style="border-bottom-color: #80e1e8;"
                    />
                     infected_job2
                  </span>
                   
                  <span
                    style="font-weight: bold; color: #fcf480;"
                  >
                    <div
                      class="dygraph-legend-line"
                      style="border-bottom-color: #fcf480;"
                    />
                     hospitalized_job2
                  </span>
                   
                  <span
                    style="font-weight: bold; color: #fbd7b2;"
                  >
                    <div
                      class="dygraph-legend-line"
                      style="border-bottom-color: #fbd7b2;"
                    />
                     recovered_job2
                  </span>
                   
                  <span
                    style="font-weight: bold; color: #f699dc;"
                  >
                    <div
                      class="dygraph-legend-line"
                      style="border-bottom-color: #f699dc;"
                    />
                     deceased_job2
                  </span>
                </div>
              </div>
            </div>
          </div>
        </div>
      </div>
    </div>
  </div>
</div>
`;
