// Jest Snapshot v1, https://goo.gl/fbAQLP

exports[`should render FileDataInput 1`] = `
<form
  className="file-input"
>
  <label
    htmlFor="import-input"
  >
    Choose a file to import data from:
  </label>
  <input
    accept="application/json"
    data-testid="import-input"
    id="import-input"
    name="import"
    onChange={[Function]}
    type="file"
  />
  <br />
  <small
    className="form-text text-muted"
  >
    You can export a data file when a graph is plotted, for importing later.
  </small>
</form>
`;
