// Jest Snapshot v1, https://goo.gl/fbAQLP

exports[`renders App 1`] = `
<BrowserRouter>
  <Header />
  <div
    className="container-fluid mt-4"
  >
    <Switch>
      <Route
        exact={true}
        path="/"
      >
        <SimulationConfiguration />
      </Route>
      <Route
        path="/jobs/:id?/:view?"
      >
        <JobsView />
      </Route>
      <Route
        path="/compare"
      >
        <JobsCompare />
      </Route>
    </Switch>
  </div>
</BrowserRouter>
`;
