// Jest Snapshot v1, https://goo.gl/fbAQLP

exports[`Jobs should fetch simulation status from socket to show status on UI 1`] = `
<DocumentFragment>
  <div
    class="row jobs-list"
  >
    <div
      class="col-2"
    >
      <ul
        class="list-group scrollable"
      >
        <li
          class="list-group-item borderless item-less-padding"
        >
          <a
            class="no-link-formatting"
            href="/jobs/ad1234"
          >
            <div
              class="simulation-tab  finished"
            >
              <div
                class="card-body card-body-less-padding"
              >
                <p
                  class="job-status"
                  data-testid="job-status-ad1234"
                >
                  Finished
                </p>
                <p
                  class="minor-details"
                >
                  Id: 
                  <code>
                    ad1234
                  </code>
                </p>
              </div>
            </div>
          </a>
        </li>
      </ul>
    </div>
    <div
      class="col-10 left-border scrollable details"
    >
      <div />
    </div>
  </div>
</DocumentFragment>
`;
