// Jest Snapshot v1, https://goo.gl/fbAQLP

exports[`JobsView should render components with updated state on refresh 1`] = `
<div>
  <div
    class="multi-spinners"
    data-testid="loader"
    id="loader"
  >
    <div
      class="spinner-grow text-dark"
    />
    <div
      class="spinner-grow text-dark"
    />
    <div
      class="spinner-grow text-dark"
    />
    <div
      class="spinner-grow text-dark"
    />
    <div
      class="spinner-grow text-dark"
    />
    <div
      class="spinner-grow text-dark"
    />
  </div>
</div>
`;

exports[`JobsView should render components with updated state on refresh 2`] = `
<div>
  <div
    class="row jobs-list"
  >
    <div
      class="col-2"
    >
      <ul
        class="list-group scrollable"
      >
        <li
          class="list-group-item borderless item-less-padding"
        >
          <a
            class="no-link-formatting"
            href="/jobs/123456dc"
          >
            <div
              class="simulation-tab active shadow finished"
            >
              <div
                class="card-body card-body-less-padding"
              >
                <p
                  class="card-title title"
                >
                  <code>
                    123456dc
                  </code>
                </p>
                <p
                  class="job-status"
                  data-testid="job-status-123456dc"
                >
                  Finished
                </p>
              </div>
            </div>
          </a>
        </li>
        <li
          class="list-group-item borderless item-less-padding"
        >
          <a
            class="no-link-formatting"
            href="/jobs/567890gv"
          >
            <div
              class="simulation-tab  finished"
            >
              <div
                class="card-body card-body-less-padding"
              >
                <p
                  class="card-title title"
                >
                  <code>
                    567890gv
                  </code>
                </p>
                <p
                  class="job-status"
                  data-testid="job-status-567890gv"
                >
                  Finished
                </p>
              </div>
            </div>
          </a>
        </li>
      </ul>
    </div>
    <div
      class="col-10 left-border scrollable details"
    >
      <div
        class="job-details"
      >
        <div
          class="row"
        >
          <div
            class="col-8"
          >
            <ul
              class="nav nav-tabs nav-fill"
            >
              <li
                class="nav-item"
              >
                <a
                  class="nav-link active"
                  href="/jobs/123456dc/time-series"
                >
                  Time Series
                </a>
              </li>
              <li
                class="nav-item"
              >
                <a
                  class="nav-link "
                  href="/jobs/123456dc/config"
                >
                  Config
                </a>
              </li>
            </ul>
          </div>
          <div
            class="col-4"
          >
            <div
              class="job-meta"
            >
              <p>
                Job: 
                <code>
                  123456dc
                </code>
              </p>
              <ul />
            </div>
          </div>
        </div>
        <div
          class="job-details-content"
        >
          <div
            class="multi-spinners"
            data-testid="loader"
            id="loader"
          >
            <div
              class="spinner-grow text-dark"
            />
            <div
              class="spinner-grow text-dark"
            />
            <div
              class="spinner-grow text-dark"
            />
            <div
              class="spinner-grow text-dark"
            />
            <div
              class="spinner-grow text-dark"
            />
            <div
              class="spinner-grow text-dark"
            />
          </div>
        </div>
      </div>
    </div>
  </div>
</div>
`;
