// Jest Snapshot v1, https://goo.gl/fbAQLP

exports[`JobsList should fetch simulations when id and view is not selected 1`] = `
<div>
  <div
    class="row jobs-list"
  >
    <div
      class="col-3"
    >
      <ul
        class="list-group scrollable"
      >
        <li
          class="list-group-item borderless item-less-padding"
        >
          <a
            class="no-link-formatting"
            href="/jobs/1234"
          >
            <div
              class="card finished"
            >
              <div
                class="card-body card-body-less-padding"
              >
                <div
                  class="job-status"
                >
                  Finished
                </div>
                <div
                  class="minor-details"
                >
                  Simulation Id: 
                  1234
                   
                </div>
              </div>
            </div>
          </a>
        </li>
      </ul>
    </div>
    <div
      class="col-9 left-border scrollable"
    />
  </div>
</div>
`;
